

 Start  Stop   Length Name                   Class
 00000H 001FFH 00200H STACK                  STACK
 00200H 02A8BH 0288CH DATA                   DATA
 02A90H 1248FH 0FA00H FILE_I_O_DATA          DATA
 12490H 21E8FH 0FA00H SCR_1_DATA             DATA
 21E90H 3188FH 0FA00H SCR_2_DATA             DATA
 31890H 4168FH 0FE00H SCR_3_DATA             DATA
 41690H 420C9H 00A3AH CODE                   CODE
 420CAH 4277BH 006B2H LIBCODE                CODE

  Address         Publics by Name

 4169:0046       ABORTTODOS
 0020:05E9       BITPLANE0
 0020:0612       BITPLANE1
 0020:063B       BITPLANE2
 0020:0664       BITPLANE3
 0020:05E8       BITPLANEBUFFER
 0000:00A4  Abs  BIT_PLN_BUF_LEN
 4169:0073       BRENDA
 0000:FA00  Abs  BUF_SIZE
 420C:0562       CLOSEFILE
 0020:268C       COL16SPRITE
 0020:278C       COL32SPRITE
 420C:04F0       CREATEFILE
 0020:00B2       CRITERRCODE
 0020:00B0       CRITERRFLAG
 0020:0098       DELAYTIMER
 02A9:0000       DISKBUFFER
 0020:04D0       EGAHEADER
 0000:0118  Abs  EGA_HDR_LEN
 420C:061C       FINDFILE
 0020:0094       FRAMES
 420C:0598       FREAD
 420C:05DA       FWRITE
 420C:06A9       FWRITE$
 420C:03A2       GAMEMOUSE
 0020:0100       HANDLE
 0020:068C       HATCHSPRITE
 3189:FA00       HATCHTABLE
 420C:01AD       INSTALLCRITERR
 420C:000A       INSTALLKBD
 420C:02F8       INSTALLMOUSE
 420C:01F7       INSTALLOVERFLOW
 420C:0081       INSTALLTIMER
 420C:0196       INSTALLUSER100
 420C:017F       INSTALLUSER20
 420C:016B       ISTIMEUP
 0020:0000       KEY
 0020:0096       LASTFRAME
 0020:00EA       LHSBUTTON
 420C:065A       LOADFILE
 0020:00EE       MIDBUTTON
 0020:00E0       MOUSEFLAG
 0020:00E2       MOUSEX
 0020:00F8       MOUSEXMAX
 0020:00F6       MOUSEXMIN
 0020:00E4       MOUSEY
 0020:00FC       MOUSEYMAX
 0020:00FA       MOUSEYMIN
 0020:00F0       OLDLHSBUTTON
 0020:00F4       OLDMIDBUTTON
 0020:00E6       OLDMOUSEX
 0020:00E8       OLDMOUSEY
 0020:00F2       OLDRHSBUTTON
 420C:0529       OPENFILE
 0020:00C4       OVERFLOWFLAG
 420C:01CE       RESTORECRITERR
 420C:002B       RESTOREKBD
 420C:034D       RESTOREMOUSE
 420C:0218       RESTOREOVERFLOW
 420C:00C5       RESTORETIMER
 420C:01A5       RESTOREUSER100
 420C:018E       RESTOREUSER20
 0020:00EC       RHSBUTTON
 420C:0689       SAVEFILE
 1249:0000       SCREEN1
 21E9:0000       SCREEN2
 3189:0000       SCREEN3
 0000:FA00  Abs  SCR_SIZE
 420C:04B8       SETMOUSEPOS
 420C:0167       SETTIMEDELAY
 0020:00C2       SPTEMP
 0020:00C0       SSTEMP
 0020:0092       TICKER
 420C:0172       TIMEDELAY
 0020:0090       TIMERSTATUS
 420C:035A       UPDATEMOUSE
 420C:04CD       WAITFORMOTOR

  Address         Publics by Value

 0000:00A4  Abs  BIT_PLN_BUF_LEN
 0000:0118  Abs  EGA_HDR_LEN
 0020:0000       KEY
 0020:0090       TIMERSTATUS
 0020:0092       TICKER
 0020:0094       FRAMES
 0020:0096       LASTFRAME
 0020:0098       DELAYTIMER
 0020:00B0       CRITERRFLAG
 0020:00B2       CRITERRCODE
 0020:00C0       SSTEMP
 0020:00C2       SPTEMP
 0020:00C4       OVERFLOWFLAG
 0020:00E0       MOUSEFLAG
 0020:00E2       MOUSEX
 0020:00E4       MOUSEY
 0020:00E6       OLDMOUSEX
 0020:00E8       OLDMOUSEY
 0020:00EA       LHSBUTTON
 0020:00EC       RHSBUTTON
 0020:00EE       MIDBUTTON
 0020:00F0       OLDLHSBUTTON
 0020:00F2       OLDRHSBUTTON
 0020:00F4       OLDMIDBUTTON
 0020:00F6       MOUSEXMIN
 0020:00F8       MOUSEXMAX
 0020:00FA       MOUSEYMIN
 0020:00FC       MOUSEYMAX
 0020:0100       HANDLE
 0020:04D0       EGAHEADER
 0020:05E8       BITPLANEBUFFER
 0020:05E9       BITPLANE0
 0020:0612       BITPLANE1
 0020:063B       BITPLANE2
 0020:0664       BITPLANE3
 0020:068C       HATCHSPRITE
 0020:268C       COL16SPRITE
 0020:278C       COL32SPRITE
 02A9:0000       DISKBUFFER
 0000:FA00  Abs  BUF_SIZE
 0000:FA00  Abs  SCR_SIZE
 1249:0000       SCREEN1
 21E9:0000       SCREEN2
 3189:0000       SCREEN3
 3189:FA00       HATCHTABLE
 4169:0046       ABORTTODOS
 4169:0073       BRENDA
 420C:000A       INSTALLKBD
 420C:002B       RESTOREKBD
 420C:0081       INSTALLTIMER
 420C:00C5       RESTORETIMER
 420C:0167       SETTIMEDELAY
 420C:016B       ISTIMEUP
 420C:0172       TIMEDELAY
 420C:017F       INSTALLUSER20
 420C:018E       RESTOREUSER20
 420C:0196       INSTALLUSER100
 420C:01A5       RESTOREUSER100
 420C:01AD       INSTALLCRITERR
 420C:01CE       RESTORECRITERR
 420C:01F7       INSTALLOVERFLOW
 420C:0218       RESTOREOVERFLOW
 420C:02F8       INSTALLMOUSE
 420C:034D       RESTOREMOUSE
 420C:035A       UPDATEMOUSE
 420C:03A2       GAMEMOUSE
 420C:04B8       SETMOUSEPOS
 420C:04CD       WAITFORMOTOR
 420C:04F0       CREATEFILE
 420C:0529       OPENFILE
 420C:0562       CLOSEFILE
 420C:0598       FREAD
 420C:05DA       FWRITE
 420C:061C       FINDFILE
 420C:065A       LOADFILE
 420C:0689       SAVEFILE
 420C:06A9       FWRITE$

Program entry point at 4169:0000
