
 Start  Stop   Length Name                   Class
 00000H 025A9H 025AAH DATA                   DATA
 025B0H 121FFH 0FC50H WSDATA                 DATA
 12200H 12C2FH 00A30H PALDATA                DATA
 12C30H 13026H 003F7H SSPRDATA               DATA
 13030H 13041H 00012H MSPRDATA               DATA
 13050H 13129H 000DAH QSPRDATA               DATA
 1312AH 1318FH 00066H CODE                   CODE
 13190H 18EBBH 05D2CH GCODE                  CODE
 18EBCH 1A606H 0174BH LIBCODE                CODE
 1A610H 1A80FH 00200H STACK                  STACK

  Address         Publics by Name

 1312:0042       ABORTTODOS
 1319:2467       ALLOCATESPACE
 18EB:098A       ARCTAN
 18EB:09D0       ARCTAN2
 0000:1626       ARCTANTABLE
 0000:2345       ARGC
 0000:2347       ARGV
 0000:0164       BACKCOL
 0000:0006  Abs  BAUD1200
 0000:000E  Abs  BAUD14400
 0000:0010  Abs  BAUD19200
 0000:0008  Abs  BAUD2400
 0000:0002  Abs  BAUD300
 0000:000A  Abs  BAUD4800
 0000:0000  Abs  BAUD50
 0000:0004  Abs  BAUD600
 0000:000C  Abs  BAUD9600
 0000:1B44       BCDATTR
 1319:00EA       BLOCKFILL
 1319:00CC       BSPRITE
 12C3:0012       BUTTON0
 12C3:0014       BUTTON1
 18EB:12CB       CALCBITFIELDVAL
 18EB:09FD       CALCDELTATIME
 18EB:0A17       CALCDELTAXY
 18EB:1625       CELLSPRITE
 0000:25A2       CELLXMAX
 0000:25A0       CELLXMIN
 0000:25A6       CELLYMAX
 0000:25A4       CELLYMIN
 0000:0004  Abs  CGA
 1319:1153       CGA_BFILL
 1319:0FE7       CGA_BSPRITE
 1319:0A64       CGA_CALCADDR
 1319:02DC       CGA_DLOAD
 1319:123A       CGA_HFILL
 1319:0498       CGA_HLINE
 1319:10F4       CGA_INITMS
 1319:1045       CGA_INITSS
 1319:032C       CGA_LINE
 0000:0050  Abs  CGA_LINEADD
 1319:11C2       CGA_LOADMOUSE
 1319:1206       CGA_LOADSCREEN
 1319:05EE       CGA_MFILL
 1319:0FBC       CGA_MSPRITE
 1220:0100       CGA_PALETTE1
 1319:0529       CGA_PFILL
 1319:0A81       CGA_PRTC1
 1319:0AF2       CGA_PRTC2
 1319:0C0A       CGA_PRTC3
 1319:0FFF       CGA_QSPRITE
 1319:1196       CGA_SAVEMOUSE
 1319:11EC       CGA_SAVESCREEN
 1319:030A       CGA_SETPX
 1319:0826       CGA_SFILL
 1319:0CA2       CGA_SSPRITE
 1319:1220       CGA_UNCOMPPIC
 1319:0445       CGA_VLINE
 1319:02C4       CGA_VMODE
 0000:0168       CHARSETPTR1
 0000:016A       CHARSETPTR2
 0000:016C       CHARSETPTR3
 18EB:1567       CHARSPRITE
 0000:1B46       CHARTYPE
 0000:0000  Abs  CHAR_TYPE1
 0000:0004  Abs  CHAR_TYPE2
 0000:0008  Abs  CHAR_TYPE3
 1319:53EF       CIRCLEFILL
 0000:2298       CIRCLEFLAG
 1319:53D0       CIRCLEMESH
 1319:53B7       CIRCLESMOKE
 0000:2292       CIRCLEXMAX
 0000:2290       CIRCLEXMIN
 0000:2296       CIRCLEYMAX
 0000:2294       CIRCLEYMIN
 18EB:0188       CLEARKEYBUFFER
 0000:0186       CLIPXMAX
 0000:0184       CLIPXMIN
 0000:018A       CLIPYMAX
 0000:0188       CLIPYMIN
 18EB:0863       CLOSEFILE
 1305:0010       CLOSESYMBOL
 18EB:1104       CLS
 0000:0003  Abs  COM1
 0000:0002  Abs  COM2
 0000:257A       COMMSERROR
 18EB:121A       CONVNUM$
 18EB:1114       CONVPDEG$
 1319:3DC2       CONVTANTOEGA
 025B:7D00       COPYSCREEN
 0000:1170       COSTABLE
 0000:0FB6       COUNTDOWN
 1319:2499       CREATEEGADATA
 18EB:0825       CREATEFILE
 0000:0FD2       CRITERRCODE
 0000:0FD0       CRITERRFLAG
 0000:1CB8       CURSORCHAR
 0000:1B42       DECATTR
 18EB:116E       DECWORD$
 0000:1A70       DELTATIME
 1319:003D       DOWNLOAD
 18EB:1301       DRAWRECTANGLE
 0000:0006  Abs  EGA
 0000:0498       EGAFREESPACE
 1319:25CE       EGA_BFILL
 1319:222C       EGA_BSPRITE
 1319:1B52       EGA_CALCADDR
 1319:134A       EGA_DLOAD
 1319:27AA       EGA_HFILL
 1319:15AF       EGA_HLINE
 1319:2373       EGA_INITMS
 1319:2411       EGA_INITQS
 1319:22C7       EGA_INITSS
 1319:1418       EGA_LINE
 0000:0028  Abs  EGA_LINEADD
 1319:2673       EGA_LOADMOUSE
 1319:2716       EGA_LOADSCREEN
 1319:18C2       EGA_MFILL
 1319:21F9       EGA_MSPRITE
 1319:1630       EGA_PFILL
 1319:1B6F       EGA_PRTC1
 1319:1C42       EGA_PRTC2
 1319:1DB5       EGA_PRTC3
 1319:2265       EGA_QSPRITE
 1319:2630       EGA_SAVEMOUSE
 1319:26D5       EGA_SAVESCREEN
 1319:13EE       EGA_SETPX
 1319:1A0A       EGA_SFILL
 1319:1EC1       EGA_SSPRITE
 1319:2778       EGA_UNCOMPPIC
 1319:1554       EGA_VLINE
 1319:12D5       EGA_VMODE
 0000:0FB8       ELAPSEDTIME
 0000:0010  Abs  ERR_BREAK
 0000:2000  Abs  ERR_CHECKSUM
 0000:0800  Abs  ERR_DATA_TMOUT
 0000:0008  Abs  ERR_FRAME
 0000:0400  Abs  ERR_NO_CABLE
 0000:0002  Abs  ERR_OVERRUN
 0000:0004  Abs  ERR_PARITY
 0000:4000  Abs  ERR_RX_OVRFLW
 0000:1000  Abs  ERR_SYNC_TMOUT
 0000:8000  Abs  ERR_TX_OVRFLW
 0000:0565       FADEBCOL
 0000:056C       FADECOUNT
 0000:0564       FADEGCOL
 0000:0562       FADELEVEL
 0000:0563       FADERCOL
 0000:056A       FADESTART
 18EB:0971       FASTARCTAN
 18EB:09B7       FASTARCTAN2
 18EB:00BF       FASTRANDX
 0000:0005  Abs  FAST_FRAME_RATE
 0000:0038       FILLCOL
 0000:2260       FILLVECTOR
 18EB:08CD       FINDFILE
 0000:001A       FLIPMODE
 0000:0162       FORECOL
 0000:0FB2       FRAMES
 18EB:0881       FREAD
 0000:0001  Abs  FREE_FRAME_RATE
 18EB:08A7       FWRITE
 18EB:0939       FWRITE$
 0000:0000  Abs  GAME_MODE
 18EB:0FA3       GETCHAR
 0000:1060       HANDLE
 0000:0002  Abs  HEM
 1319:02AC       HEM_VMODE
 0000:1B40       HEXATTR
 18EB:1202       HEXBYTE$
 0000:1DA0       HEXCHARS
 18EB:11E3       HEXWORD$
 0000:0000  Abs  HGC
 1319:0233       HGC_DLOAD
 1220:0000       HGC_PALETTE1
 1319:01D0       HGC_VMODE
 1319:0099       HLINEDRAW
 1319:0151       HORIZONFILL
 0000:003A       HRZNLHSCOL
 0000:003C       HRZNRHSCOL
 0000:018E       HRZNXMAX
 0000:018C       HRZNXMIN
 18EB:13AA       INITCOMMS
 1319:00DE       INITMSPRITES
 1319:00E4       INITQSPRITES
 1319:00D8       INITSSPRITES
 18EB:0FC2       INPUT$
 0000:1CB0       INPUTMODE
 18EB:029F       INSTALLCRITERR
 18EB:00CF       INSTALLKBD
 18EB:03EA       INSTALLMOUSE
 18EB:02E9       INSTALLOVERFLOW
 18EB:0193       INSTALLTIMER
 18EB:0288       INSTALLUSER100
 18EB:0271       INSTALLUSER20
 0000:1032       JOYA_FIRE1
 0000:1033       JOYA_FIRE2
 0000:1020       JOYA_FLAG
 0000:102A       JOYA_XPOS
 0000:1022       JOYA_XREF
 0000:1026       JOYA_XSCALE
 0000:102E       JOYA_XVAL
 0000:102C       JOYA_YPOS
 0000:1024       JOYA_YREF
 0000:1028       JOYA_YSCALE
 0000:1030       JOYA_YVAL
 0000:104A       JOYB_FIRE1
 0000:104B       JOYB_FIRE2
 0000:1021       JOYB_FLAG
 0000:1042       JOYB_XPOS
 0000:103A       JOYB_XREF
 0000:103E       JOYB_XSCALE
 0000:1046       JOYB_XVAL
 0000:1044       JOYB_YPOS
 0000:103C       JOYB_YREF
 0000:1040       JOYB_YSCALE
 0000:1048       JOYB_YVAL
 0000:1052       JOYSENSITIVITY
 0000:0F20       KEY
 18EB:0FB9       KEYPRESS
 18EB:0FAA       KEYRELEASE
 0000:0FB4       LASTFRAME
 0000:1012       LHSBUTTON
 0000:1F38       LHSX
 0000:0036       LINECOL
 1319:006F       LINEDRAW
 18EB:08F1       LOADFILE
 1319:0131       LOADMOUSEBGND
 1319:0145       LOADSCREEN
 0000:0020       MAXFRAMERATE
 0000:1F32       MAXY
 0000:000A  Abs  MEDM_FRAME_RATE
 0000:0002  Abs  MENU_MODE
 1319:504C       MESHFILL
 0000:1F30       MINY
 0000:1000       MOUSEFLAG
 025B:FA00       MOUSEHOUSE
 0000:100A       MOUSEX
 0000:1004       MOUSEXMAX
 0000:1002       MOUSEXMIN
 0000:100C       MOUSEY
 0000:1008       MOUSEYMAX
 0000:1006       MOUSEYMIN
 1319:258D       MOVEEGADATA
 1319:00C6       MSPRITE
 1303:0000       MSPRITEID
 1303:0010       MSPRITELIST
 0000:1A48       OCTSIGNTABLE
 0000:1A28       OCTTRIGTABLE
 0000:1038       OLDJOYA_FIRE1
 0000:1039       OLDJOYA_FIRE2
 0000:1034       OLDJOYA_XVAL
 0000:1036       OLDJOYA_YVAL
 0000:1050       OLDJOYB_FIRE1
 0000:1051       OLDJOYB_FIRE2
 0000:104C       OLDJOYB_XVAL
 0000:104E       OLDJOYB_YVAL
 18EB:0844       OPENFILE
 0000:0FE4       OVERFLOWFLAG
 0000:003E       PALETTE
 18EB:1336       PARSECMNDLINE
 0000:0034       PIXELCOL
 0000:001E       POLYCOUNT
 1319:4F52       POLYFILL
 1319:5399       POLYLINE
 18EB:0A9D       PRINT$
 18EB:0E15       PRINTCHAR
 1319:00AE       PRINTCHAR1
 1319:00B4       PRINTCHAR2
 1319:00BA       PRINTCHAR3
 18EB:0EC3       PRINTDECBYTE
 18EB:0ED6       PRINTDECWORD
 18EB:1094       PRINTEGASPACE
 18EB:0E21       PRINTHEXBYTE
 18EB:0E4E       PRINTHEXLONG
 18EB:0E35       PRINTHEXWORD
 0000:0166       PRINTOVER
 1A61:0000       PROGSTACK
 0000:0160       PRTCL
 0000:015E       PRTLN
 0000:22C0       PSP
 1319:00D2       QSPRITE
 1305:0000       QSPRITEID
 1305:0010       QSPRITELIST
 18EB:1253       QUICKSETUP
 18EB:000C       RANDX
 1319:4EA4       READDACBLOCK
 18EB:14D4       READDATA
 18EB:063E       READJOYSTICKS
 18EB:0F6C       READKBD
 18EB:04A8       READMOUSE
 0000:0014       REALSCRPTR
 18EB:0507       RECALJOYSTICKS
 18EB:0091       RESEED
 18EB:042F       RESETMOUSE
 18EB:02C0       RESTORECRITERR
 18EB:00F0       RESTOREKBD
 18EB:0422       RESTOREMOUSE
 18EB:030A       RESTOREOVERFLOW
 18EB:01CC       RESTORETIMER
 18EB:0297       RESTOREUSER100
 18EB:0280       RESTOREUSER20
 0000:0000       RETURNCODE
 0000:1013       RHSBUTTON
 0000:20C8       RHSX
 0000:0E14       RNDINDEX
 0000:0E16       RNDTABLE
 18EB:12A6       RUNLENDECODE
 1319:508B       RVRSMESHFILL
 1319:5076       RVRSPOLYFILL
 1319:50A0       RVRSSMOKEFILL
 18EB:091C       SAVEFILE
 1319:0123       SAVEMOUSEBGND
 1319:013F       SAVESCREEN
 18EB:107B       SCANMENUKEYS
 0000:0016       SCREENMODE
 0000:0018       SCREENPAGE
 0000:0032       SCREENTYPE
 18EB:10AF       SELECTMODE
 18EB:148D       SENDDATA
 18EB:14CA       SENDPACKET
 1319:3BC3       SEPERATEDATA
 1319:0186       SETATTRIBUTES
 1319:4E94       SETDACBLOCK
 18EB:0446       SETMOUSELIMITS
 18EB:0489       SETMOUSEPOS
 1319:019E       SETPALETTE
 0000:001C       SETPALETTEFLAG
 1319:005A       SETPIXEL
 1319:01AE       SETSSPRITECLIP
 1319:3D92       SETUPEGATABLE
 1319:0000       SETVIDEOMODE
 0000:1070       SINTABLE
 0000:0014  Abs  SLOW_FRAME_RATE
 1319:5061       SMOKEFILL
 0000:016E       SPRITE
 0000:0172       SPRITEPTR
 0000:016E       SPRITEX
 0000:0170       SPRITEY
 0000:0FE2       SPTEMP
 18EB:0A6C       SQRT
 1319:00C0       SSPRITE
 12C3:0000       SSPRITEID
 12C3:0010       SSPRITELIST
 0000:0FE0       SSTEMP
 0000:08D0       STANDARD_3BY5
 0000:0AB0       STANDARD_5BY9
 0000:0570       STANDARD_7BY9
 12C3:0010       STNDPTR
 18EB:140B       STOPCOMMS
 18EB:14F7       SYNCCOMMS
 0000:0008  Abs  TAN
 18EB:094B       TANGENT
 0000:1570       TANTABLE
 1319:3BFA       TAN_BFILL
 1319:3AAA       TAN_BSPRITE
 1319:3289       TAN_CALCADDR
 1319:284C       TAN_DLOAD
 1319:3CED       TAN_HFILL
 1319:2A36       TAN_HLINE
 1319:3B67       TAN_INITMS
 1319:3B0B       TAN_INITSS
 1319:28AA       TAN_LINE
 0000:00A0  Abs  TAN_LINEADD
 1319:3C74       TAN_LOADMOUSE
 1319:3CB9       TAN_LOADSCREEN
 1319:2B91       TAN_MFILL
 1319:3A80       TAN_MSPRITE
 1220:0200       TAN_PALETTE1
 1319:2AC5       TAN_PFILL
 1319:32A6       TAN_PRTC1
 1319:3338       TAN_PRTC2
 1319:34A4       TAN_PRTC3
 1319:3AC2       TAN_QSPRITE
 1319:3C47       TAN_SAVEMOUSE
 1319:3C9F       TAN_SAVESCREEN
 1319:2888       TAN_SETPX
 1319:2F16       TAN_SFILL
 1319:3539       TAN_SSPRITE
 1319:3CD3       TAN_UNCOMPPIC
 1319:29E3       TAN_VLINE
 1319:2834       TAN_VMODE
 0000:000A  Abs  TEM
 1319:3D7A       TEM_DLOAD
 1319:3D5D       TEM_VMODE
 18EB:12F6       TESTBITSTATUS
 0000:0FB0       TICKER
 1319:014B       UNCOMPRESSPIC
 18EB:105F       UPDATEMENUKEYS
 0000:000C  Abs  V16
 1220:0400       V16_RGB_DATA
 0000:000E  Abs  VGA
 1319:4CE0       VGA_BFILL
 1319:483F       VGA_BSPRITE
 1319:44CB       VGA_CALCADDR
 1319:3ED7       VGA_DLOAD
 1319:4E25       VGA_HFILL
 1319:4164       VGA_HLINE
 1319:4C4B       VGA_INITMS
 1319:4C6E       VGA_INITQS
 1319:4BE8       VGA_INITSS
 1319:3FC8       VGA_LINE
 0000:0050  Abs  VGA_LINEADD
 1319:4D62       VGA_LOADMOUSE
 1319:4DE4       VGA_LOADSCREEN
 1319:427F       VGA_MFILL
 1319:480B       VGA_MSPRITE
 1220:0300       VGA_PALETTE1
 1319:41DD       VGA_PFILL
 1319:44E8       VGA_PRTC1
 1319:455D       VGA_PRTC2
 1319:4636       VGA_PRTC3
 1319:4B5D       VGA_QSPRITE
 1220:0430       VGA_RGB_DATA
 1220:0730       VGA_RGB_FADE
 1319:4D1F       VGA_SAVEMOUSE
 1319:4DA3       VGA_SAVESCREEN
 1319:3FA8       VGA_SETPX
 1319:43A5       VGA_SFILL
 1319:46E4       VGA_SSPRITE
 1319:4113       VGA_VLINE
 1319:3E61       VGA_VMODE
 0000:0010       VIDEOBUFSIZE
 1319:0084       VLINEDRAW
 025B:0000       WORKSCREEN
 0000:0012       WORKSCRPTR
 18EB:1168       ZDECWORD$
 0000:1014       _LHSBUTTON
 0000:0244       _MESHFILL
 0000:100E       _MOUSEX
 0000:1010       _MOUSEY
 0000:0232       _POLYFILL
 0000:1015       _RHSBUTTON
 0000:0256       _SMOKEFILL

  Address         Publics by Value

 0000:0000  Abs  GAME_MODE
 0000:0000  Abs  CHAR_TYPE1
 0000:0000  Abs  HGC
 0000:0000  Abs  BAUD50
 0000:0000       RETURNCODE
 0000:0001  Abs  FREE_FRAME_RATE
 0000:0002  Abs  MENU_MODE
 0000:0002  Abs  BAUD300
 0000:0002  Abs  COM2
 0000:0002  Abs  ERR_OVERRUN
 0000:0002  Abs  HEM
 0000:0003  Abs  COM1
 0000:0004  Abs  BAUD600
 0000:0004  Abs  ERR_PARITY
 0000:0004  Abs  CHAR_TYPE2
 0000:0004  Abs  CGA
 0000:0005  Abs  FAST_FRAME_RATE
 0000:0006  Abs  EGA
 0000:0006  Abs  BAUD1200
 0000:0008  Abs  ERR_FRAME
 0000:0008  Abs  BAUD2400
 0000:0008  Abs  TAN
 0000:0008  Abs  CHAR_TYPE3
 0000:000A  Abs  TEM
 0000:000A  Abs  BAUD4800
 0000:000A  Abs  MEDM_FRAME_RATE
 0000:000C  Abs  V16
 0000:000C  Abs  BAUD9600
 0000:000E  Abs  BAUD14400
 0000:000E  Abs  VGA
 0000:0010       VIDEOBUFSIZE
 0000:0010  Abs  ERR_BREAK
 0000:0010  Abs  BAUD19200
 0000:0012       WORKSCRPTR
 0000:0014       REALSCRPTR
 0000:0014  Abs  SLOW_FRAME_RATE
 0000:0016       SCREENMODE
 0000:0018       SCREENPAGE
 0000:001A       FLIPMODE
 0000:001C       SETPALETTEFLAG
 0000:001E       POLYCOUNT
 0000:0020       MAXFRAMERATE
 0000:0028  Abs  EGA_LINEADD
 0000:0032       SCREENTYPE
 0000:0034       PIXELCOL
 0000:0036       LINECOL
 0000:0038       FILLCOL
 0000:003A       HRZNLHSCOL
 0000:003C       HRZNRHSCOL
 0000:003E       PALETTE
 0000:0050  Abs  VGA_LINEADD
 0000:0050  Abs  CGA_LINEADD
 0000:00A0  Abs  TAN_LINEADD
 0000:015E       PRTLN
 0000:0160       PRTCL
 0000:0162       FORECOL
 0000:0164       BACKCOL
 0000:0166       PRINTOVER
 0000:0168       CHARSETPTR1
 0000:016A       CHARSETPTR2
 0000:016C       CHARSETPTR3
 0000:016E       SPRITEX
 0000:016E       SPRITE
 0000:0170       SPRITEY
 0000:0172       SPRITEPTR
 0000:0184       CLIPXMIN
 0000:0186       CLIPXMAX
 0000:0188       CLIPYMIN
 0000:018A       CLIPYMAX
 0000:018C       HRZNXMIN
 0000:018E       HRZNXMAX
 0000:0232       _POLYFILL
 0000:0244       _MESHFILL
 0000:0256       _SMOKEFILL
 0000:0400  Abs  ERR_NO_CABLE
 0000:0498       EGAFREESPACE
 0000:0562       FADELEVEL
 0000:0563       FADERCOL
 0000:0564       FADEGCOL
 0000:0565       FADEBCOL
 0000:056A       FADESTART
 0000:056C       FADECOUNT
 0000:0570       STANDARD_7BY9
 0000:0800  Abs  ERR_DATA_TMOUT
 0000:08D0       STANDARD_3BY5
 0000:0AB0       STANDARD_5BY9
 0000:0E14       RNDINDEX
 0000:0E16       RNDTABLE
 0000:0F20       KEY
 0000:0FB0       TICKER
 0000:0FB2       FRAMES
 0000:0FB4       LASTFRAME
 0000:0FB6       COUNTDOWN
 0000:0FB8       ELAPSEDTIME
 0000:0FD0       CRITERRFLAG
 0000:0FD2       CRITERRCODE
 0000:0FE0       SSTEMP
 0000:0FE2       SPTEMP
 0000:0FE4       OVERFLOWFLAG
 0000:1000       MOUSEFLAG
 0000:1000  Abs  ERR_SYNC_TMOUT
 0000:1002       MOUSEXMIN
 0000:1004       MOUSEXMAX
 0000:1006       MOUSEYMIN
 0000:1008       MOUSEYMAX
 0000:100A       MOUSEX
 0000:100C       MOUSEY
 0000:100E       _MOUSEX
 0000:1010       _MOUSEY
 0000:1012       LHSBUTTON
 0000:1013       RHSBUTTON
 0000:1014       _LHSBUTTON
 0000:1015       _RHSBUTTON
 0000:1020       JOYA_FLAG
 0000:1021       JOYB_FLAG
 0000:1022       JOYA_XREF
 0000:1024       JOYA_YREF
 0000:1026       JOYA_XSCALE
 0000:1028       JOYA_YSCALE
 0000:102A       JOYA_XPOS
 0000:102C       JOYA_YPOS
 0000:102E       JOYA_XVAL
 0000:1030       JOYA_YVAL
 0000:1032       JOYA_FIRE1
 0000:1033       JOYA_FIRE2
 0000:1034       OLDJOYA_XVAL
 0000:1036       OLDJOYA_YVAL
 0000:1038       OLDJOYA_FIRE1
 0000:1039       OLDJOYA_FIRE2
 0000:103A       JOYB_XREF
 0000:103C       JOYB_YREF
 0000:103E       JOYB_XSCALE
 0000:1040       JOYB_YSCALE
 0000:1042       JOYB_XPOS
 0000:1044       JOYB_YPOS
 0000:1046       JOYB_XVAL
 0000:1048       JOYB_YVAL
 0000:104A       JOYB_FIRE1
 0000:104B       JOYB_FIRE2
 0000:104C       OLDJOYB_XVAL
 0000:104E       OLDJOYB_YVAL
 0000:1050       OLDJOYB_FIRE1
 0000:1051       OLDJOYB_FIRE2
 0000:1052       JOYSENSITIVITY
 0000:1060       HANDLE
 0000:1070       SINTABLE
 0000:1170       COSTABLE
 0000:1570       TANTABLE
 0000:1626       ARCTANTABLE
 0000:1A28       OCTTRIGTABLE
 0000:1A48       OCTSIGNTABLE
 0000:1A70       DELTATIME
 0000:1B40       HEXATTR
 0000:1B42       DECATTR
 0000:1B44       BCDATTR
 0000:1B46       CHARTYPE
 0000:1CB0       INPUTMODE
 0000:1CB8       CURSORCHAR
 0000:1DA0       HEXCHARS
 0000:1F30       MINY
 0000:1F32       MAXY
 0000:1F38       LHSX
 0000:2000  Abs  ERR_CHECKSUM
 0000:20C8       RHSX
 0000:2260       FILLVECTOR
 0000:2290       CIRCLEXMIN
 0000:2292       CIRCLEXMAX
 0000:2294       CIRCLEYMIN
 0000:2296       CIRCLEYMAX
 0000:2298       CIRCLEFLAG
 0000:22C0       PSP
 0000:2345       ARGC
 0000:2347       ARGV
 0000:257A       COMMSERROR
 0000:25A0       CELLXMIN
 0000:25A2       CELLXMAX
 0000:25A4       CELLYMIN
 0000:25A6       CELLYMAX
 025B:0000       WORKSCREEN
 0000:4000  Abs  ERR_RX_OVRFLW
 0000:8000  Abs  ERR_TX_OVRFLW
 025B:7D00       COPYSCREEN
 025B:FA00       MOUSEHOUSE
 1220:0000       HGC_PALETTE1
 1220:0100       CGA_PALETTE1
 1220:0200       TAN_PALETTE1
 1220:0300       VGA_PALETTE1
 1220:0400       V16_RGB_DATA
 1220:0430       VGA_RGB_DATA
 1220:0730       VGA_RGB_FADE
 12C3:0000       SSPRITEID
 12C3:0010       STNDPTR
 12C3:0010       SSPRITELIST
 12C3:0012       BUTTON0
 12C3:0014       BUTTON1
 1303:0000       MSPRITEID
 1303:0010       MSPRITELIST
 1305:0000       QSPRITEID
 1305:0010       CLOSESYMBOL
 1305:0010       QSPRITELIST
 1312:0042       ABORTTODOS
 1319:0000       SETVIDEOMODE
 1319:003D       DOWNLOAD
 1319:005A       SETPIXEL
 1319:006F       LINEDRAW
 1319:0084       VLINEDRAW
 1319:0099       HLINEDRAW
 1319:00AE       PRINTCHAR1
 1319:00B4       PRINTCHAR2
 1319:00BA       PRINTCHAR3
 1319:00C0       SSPRITE
 1319:00C6       MSPRITE
 1319:00CC       BSPRITE
 1319:00D2       QSPRITE
 1319:00D8       INITSSPRITES
 1319:00DE       INITMSPRITES
 1319:00E4       INITQSPRITES
 1319:00EA       BLOCKFILL
 1319:0123       SAVEMOUSEBGND
 1319:0131       LOADMOUSEBGND
 1319:013F       SAVESCREEN
 1319:0145       LOADSCREEN
 1319:014B       UNCOMPRESSPIC
 1319:0151       HORIZONFILL
 1319:0186       SETATTRIBUTES
 1319:019E       SETPALETTE
 1319:01AE       SETSSPRITECLIP
 1319:01D0       HGC_VMODE
 1319:0233       HGC_DLOAD
 1319:02AC       HEM_VMODE
 1319:02C4       CGA_VMODE
 1319:02DC       CGA_DLOAD
 1319:030A       CGA_SETPX
 1319:032C       CGA_LINE
 1319:0445       CGA_VLINE
 1319:0498       CGA_HLINE
 1319:0529       CGA_PFILL
 1319:05EE       CGA_MFILL
 1319:0826       CGA_SFILL
 1319:0A64       CGA_CALCADDR
 1319:0A81       CGA_PRTC1
 1319:0AF2       CGA_PRTC2
 1319:0C0A       CGA_PRTC3
 1319:0CA2       CGA_SSPRITE
 1319:0FBC       CGA_MSPRITE
 1319:0FE7       CGA_BSPRITE
 1319:0FFF       CGA_QSPRITE
 1319:1045       CGA_INITSS
 1319:10F4       CGA_INITMS
 1319:1153       CGA_BFILL
 1319:1196       CGA_SAVEMOUSE
 1319:11C2       CGA_LOADMOUSE
 1319:11EC       CGA_SAVESCREEN
 1319:1206       CGA_LOADSCREEN
 1319:1220       CGA_UNCOMPPIC
 1319:123A       CGA_HFILL
 1319:12D5       EGA_VMODE
 1319:134A       EGA_DLOAD
 1319:13EE       EGA_SETPX
 1319:1418       EGA_LINE
 1319:1554       EGA_VLINE
 1319:15AF       EGA_HLINE
 1319:1630       EGA_PFILL
 1319:18C2       EGA_MFILL
 1319:1A0A       EGA_SFILL
 1319:1B52       EGA_CALCADDR
 1319:1B6F       EGA_PRTC1
 1319:1C42       EGA_PRTC2
 1319:1DB5       EGA_PRTC3
 1319:1EC1       EGA_SSPRITE
 1319:21F9       EGA_MSPRITE
 1319:222C       EGA_BSPRITE
 1319:2265       EGA_QSPRITE
 1319:22C7       EGA_INITSS
 1319:2373       EGA_INITMS
 1319:2411       EGA_INITQS
 1319:2467       ALLOCATESPACE
 1319:2499       CREATEEGADATA
 1319:258D       MOVEEGADATA
 1319:25CE       EGA_BFILL
 1319:2630       EGA_SAVEMOUSE
 1319:2673       EGA_LOADMOUSE
 1319:26D5       EGA_SAVESCREEN
 1319:2716       EGA_LOADSCREEN
 1319:2778       EGA_UNCOMPPIC
 1319:27AA       EGA_HFILL
 1319:2834       TAN_VMODE
 1319:284C       TAN_DLOAD
 1319:2888       TAN_SETPX
 1319:28AA       TAN_LINE
 1319:29E3       TAN_VLINE
 1319:2A36       TAN_HLINE
 1319:2AC5       TAN_PFILL
 1319:2B91       TAN_MFILL
 1319:2F16       TAN_SFILL
 1319:3289       TAN_CALCADDR
 1319:32A6       TAN_PRTC1
 1319:3338       TAN_PRTC2
 1319:34A4       TAN_PRTC3
 1319:3539       TAN_SSPRITE
 1319:3A80       TAN_MSPRITE
 1319:3AAA       TAN_BSPRITE
 1319:3AC2       TAN_QSPRITE
 1319:3B0B       TAN_INITSS
 1319:3B67       TAN_INITMS
 1319:3BC3       SEPERATEDATA
 1319:3BFA       TAN_BFILL
 1319:3C47       TAN_SAVEMOUSE
 1319:3C74       TAN_LOADMOUSE
 1319:3C9F       TAN_SAVESCREEN
 1319:3CB9       TAN_LOADSCREEN
 1319:3CD3       TAN_UNCOMPPIC
 1319:3CED       TAN_HFILL
 1319:3D5D       TEM_VMODE
 1319:3D7A       TEM_DLOAD
 1319:3D92       SETUPEGATABLE
 1319:3DC2       CONVTANTOEGA
 1319:3E61       VGA_VMODE
 1319:3ED7       VGA_DLOAD
 1319:3FA8       VGA_SETPX
 1319:3FC8       VGA_LINE
 1319:4113       VGA_VLINE
 1319:4164       VGA_HLINE
 1319:41DD       VGA_PFILL
 1319:427F       VGA_MFILL
 1319:43A5       VGA_SFILL
 1319:44CB       VGA_CALCADDR
 1319:44E8       VGA_PRTC1
 1319:455D       VGA_PRTC2
 1319:4636       VGA_PRTC3
 1319:46E4       VGA_SSPRITE
 1319:480B       VGA_MSPRITE
 1319:483F       VGA_BSPRITE
 1319:4B5D       VGA_QSPRITE
 1319:4BE8       VGA_INITSS
 1319:4C4B       VGA_INITMS
 1319:4C6E       VGA_INITQS
 1319:4CE0       VGA_BFILL
 1319:4D1F       VGA_SAVEMOUSE
 1319:4D62       VGA_LOADMOUSE
 1319:4DA3       VGA_SAVESCREEN
 1319:4DE4       VGA_LOADSCREEN
 1319:4E25       VGA_HFILL
 1319:4E94       SETDACBLOCK
 1319:4EA4       READDACBLOCK
 1319:4F52       POLYFILL
 1319:504C       MESHFILL
 1319:5061       SMOKEFILL
 1319:5076       RVRSPOLYFILL
 1319:508B       RVRSMESHFILL
 1319:50A0       RVRSSMOKEFILL
 1319:5399       POLYLINE
 1319:53B7       CIRCLESMOKE
 1319:53D0       CIRCLEMESH
 1319:53EF       CIRCLEFILL
 18EB:000C       RANDX
 18EB:0091       RESEED
 18EB:00BF       FASTRANDX
 18EB:00CF       INSTALLKBD
 18EB:00F0       RESTOREKBD
 18EB:0188       CLEARKEYBUFFER
 18EB:0193       INSTALLTIMER
 18EB:01CC       RESTORETIMER
 18EB:0271       INSTALLUSER20
 18EB:0280       RESTOREUSER20
 18EB:0288       INSTALLUSER100
 18EB:0297       RESTOREUSER100
 18EB:029F       INSTALLCRITERR
 18EB:02C0       RESTORECRITERR
 18EB:02E9       INSTALLOVERFLOW
 18EB:030A       RESTOREOVERFLOW
 18EB:03EA       INSTALLMOUSE
 18EB:0422       RESTOREMOUSE
 18EB:042F       RESETMOUSE
 18EB:0446       SETMOUSELIMITS
 18EB:0489       SETMOUSEPOS
 18EB:04A8       READMOUSE
 18EB:0507       RECALJOYSTICKS
 18EB:063E       READJOYSTICKS
 18EB:0825       CREATEFILE
 18EB:0844       OPENFILE
 18EB:0863       CLOSEFILE
 18EB:0881       FREAD
 18EB:08A7       FWRITE
 18EB:08CD       FINDFILE
 18EB:08F1       LOADFILE
 18EB:091C       SAVEFILE
 18EB:0939       FWRITE$
 18EB:094B       TANGENT
 18EB:0971       FASTARCTAN
 18EB:098A       ARCTAN
 18EB:09B7       FASTARCTAN2
 18EB:09D0       ARCTAN2
 18EB:09FD       CALCDELTATIME
 18EB:0A17       CALCDELTAXY
 18EB:0A6C       SQRT
 18EB:0A9D       PRINT$
 18EB:0E15       PRINTCHAR
 18EB:0E21       PRINTHEXBYTE
 18EB:0E35       PRINTHEXWORD
 18EB:0E4E       PRINTHEXLONG
 18EB:0EC3       PRINTDECBYTE
 18EB:0ED6       PRINTDECWORD
 18EB:0F6C       READKBD
 18EB:0FA3       GETCHAR
 18EB:0FAA       KEYRELEASE
 18EB:0FB9       KEYPRESS
 18EB:0FC2       INPUT$
 18EB:105F       UPDATEMENUKEYS
 18EB:107B       SCANMENUKEYS
 18EB:1094       PRINTEGASPACE
 18EB:10AF       SELECTMODE
 18EB:1104       CLS
 18EB:1114       CONVPDEG$
 18EB:1168       ZDECWORD$
 18EB:116E       DECWORD$
 18EB:11E3       HEXWORD$
 18EB:1202       HEXBYTE$
 18EB:121A       CONVNUM$
 18EB:1253       QUICKSETUP
 18EB:12A6       RUNLENDECODE
 18EB:12CB       CALCBITFIELDVAL
 18EB:12F6       TESTBITSTATUS
 18EB:1301       DRAWRECTANGLE
 18EB:1336       PARSECMNDLINE
 18EB:13AA       INITCOMMS
 18EB:140B       STOPCOMMS
 18EB:148D       SENDDATA
 18EB:14CA       SENDPACKET
 18EB:14D4       READDATA
 18EB:14F7       SYNCCOMMS
 18EB:1567       CHARSPRITE
 18EB:1625       CELLSPRITE
 1A61:0000       PROGSTACK

Program entry point at 1312:000A
